Archive member included because of file (symbol)

/home/book/embdefire/arm-gcc/bin/../lib/gcc/arm-linux-gnueabihf/4.9.3/libgcc.a(_udivsi3.o)
                              arch/arm/cpu/armv7/built-in.o (__aeabi_uidiv)
/home/book/embdefire/arm-gcc/bin/../lib/gcc/arm-linux-gnueabihf/4.9.3/libgcc.a(_divsi3.o)
                              cmd/built-in.o (__aeabi_idiv)
/home/book/embdefire/arm-gcc/bin/../lib/gcc/arm-linux-gnueabihf/4.9.3/libgcc.a(_lshrdi3.o)
                              fs/built-in.o (__aeabi_llsr)
/home/book/embdefire/arm-gcc/bin/../lib/gcc/arm-linux-gnueabihf/4.9.3/libgcc.a(_ashldi3.o)
                              drivers/mmc/built-in.o (__aeabi_llsl)
/home/book/embdefire/arm-gcc/bin/../lib/gcc/arm-linux-gnueabihf/4.9.3/libgcc.a(_dvmd_lnx.o)
                              /home/book/embdefire/arm-gcc/bin/../lib/gcc/arm-linux-gnueabihf/4.9.3/libgcc.a(_udivsi3.o) (__aeabi_idiv0)

Discarded input sections

 .data          0x0000000000000000        0x0 arch/arm/cpu/armv7/start.o
 .bss           0x0000000000000000        0x0 arch/arm/cpu/armv7/start.o
 .text.v7_arch_cp15_set_l2aux_ctrl
                0x0000000000000000        0x8 arch/arm/cpu/armv7/built-in.o
 .text.v7_arch_cp15_set_acr
                0x0000000000000000        0x8 arch/arm/cpu/armv7/built-in.o
 .text.sdelay   0x0000000000000000        0xc arch/arm/cpu/armv7/built-in.o
 .text.wait_on_value
                0x0000000000000000       0x34 arch/arm/cpu/armv7/built-in.o
 .text.get_nr_cpus
                0x0000000000000000       0x10 arch/arm/cpu/armv7/built-in.o
 .text.board_mmc_get_env_dev
                0x0000000000000000        0x8 arch/arm/cpu/armv7/built-in.o
 .text.get_boot_device
                0x0000000000000000       0x9c arch/arm/cpu/armv7/built-in.o
 .text.enable_uart_clk
                0x0000000000000000       0x54 arch/arm/cpu/armv7/built-in.o
 .text.enable_usdhc_clk
                0x0000000000000000       0x4c arch/arm/cpu/armv7/built-in.o
 .text.enable_spi_clk
                0x0000000000000000       0x44 arch/arm/cpu/armv7/built-in.o
 .text.enable_ipu_clock
                0x0000000000000000       0x90 arch/arm/cpu/armv7/built-in.o
 .data          0x0000000000000000        0x0 arch/arm/cpu/armv7/built-in.o
 .bss           0x0000000000000000        0x0 arch/arm/cpu/armv7/built-in.o
 .text          0x0000000000000000        0x0 arch/arm/imx-common/built-in.o
 .text.imx_iomux_set_gpr_register
                0x0000000000000000       0x40 arch/arm/imx-common/built-in.o
 .text.get_imx_reset_cause
                0x0000000000000000       0x10 arch/arm/imx-common/built-in.o
 .text.set_chipselect_size
                0x0000000000000000       0x84 arch/arm/imx-common/built-in.o
 .text.mxs_wait_mask_set
                0x0000000000000000       0x40 arch/arm/imx-common/built-in.o
 .text.mxs_wait_mask_clr
                0x0000000000000000       0x3c arch/arm/imx-common/built-in.o
 .text.mxs_reset_block
                0x0000000000000000       0x90 arch/arm/imx-common/built-in.o
 .text.usec2ticks
                0x0000000000000000       0x64 arch/arm/imx-common/built-in.o
 .data          0x0000000000000000        0x0 arch/arm/imx-common/built-in.o
 .bss           0x0000000000000000        0x0 arch/arm/imx-common/built-in.o
 .text.reset_misc
                0x0000000000000000        0x4 arch/arm/lib/built-in.o
 .text.enable_caches
                0x0000000000000000        0xc arch/arm/lib/built-in.o
 .text.invalidate_dcache_range
                0x0000000000000000        0x4 arch/arm/lib/built-in.o
 .text.flush_dcache_range
                0x0000000000000000        0x4 arch/arm/lib/built-in.o
 .text.flush_dcache_all
                0x0000000000000000        0xc arch/arm/lib/built-in.o
 .text.arm_init_before_mmu
                0x0000000000000000        0x4 arch/arm/lib/built-in.o
 .text.mmu_page_table_flush
                0x0000000000000000        0x4 arch/arm/lib/built-in.o
 .data          0x0000000000000000        0x0 arch/arm/lib/built-in.o
 .__secure_start
                0x0000000000000000        0x0 arch/arm/lib/built-in.o
 .__secure_end  0x0000000000000000        0x0 arch/arm/lib/built-in.o
 .bss           0x0000000000000000        0x0 arch/arm/lib/built-in.o
 .text          0x0000000000000000        0x0 board/freescale/common/built-in.o
 .text.mmc_map_to_kernel_blk
                0x0000000000000000        0x4 board/freescale/common/built-in.o
 .data          0x0000000000000000        0x0 board/freescale/common/built-in.o
 .bss           0x0000000000000000        0x0 board/freescale/common/built-in.o
 .text          0x0000000000000000        0x0 board/freescale/mx6ullevk/built-in.o
 .text.iox74lv_set
                0x0000000000000000       0xfc board/freescale/mx6ullevk/built-in.o
 .data          0x0000000000000000        0x0 board/freescale/mx6ullevk/built-in.o
 .bss           0x0000000000000000        0x0 board/freescale/mx6ullevk/built-in.o
 .text          0x0000000000000000        0x0 cmd/built-in.o
[...]
Memory Configuration

Name             Origin             Length             Attributes
*default*        0x0000000000000000 0xffffffffffffffff

Linker script and memory map

Address of section .text set to 0x87800000
                0x0000000000000000                . = 0x0
                0x0000000000000000                . = ALIGN (0x4)

.text           0x0000000087800000    0x3b474
 *(.__image_copy_start)
 .__image_copy_start
                0x0000000087800000        0x0 arch/arm/lib/built-in.o
                0x0000000087800000                __image_copy_start
 *(.vectors)
 .vectors       0x0000000087800000      0x300 arch/arm/lib/built-in.o
                0x0000000087800000                _start
                0x0000000087800020                _undefined_instruction
                0x0000000087800024                _software_interrupt
                0x0000000087800028                _prefetch_abort
                0x000000008780002c                _data_abort
                0x0000000087800030                _not_used
                0x0000000087800034                _irq
                0x0000000087800038                _fiq
                0x0000000087800040                IRQ_STACK_START_IN
 arch/arm/cpu/armv7/start.o(.text*)
 .text          0x0000000087800300       0xb0 arch/arm/cpu/armv7/start.o
                0x0000000087800300                reset
                0x0000000087800304                save_boot_params_ret
                0x0000000087800340                c_runtime_cpu_setup
                0x0000000087800350                save_boot_params
                0x0000000087800354                cpu_init_cp15
                0x00000000878003a8                cpu_init_crit
 *(.text*)
 .text          0x00000000878003b0       0x24 arch/arm/cpu/armv7/built-in.o
                0x00000000878003b0                lowlevel_init
 .text.v7_maint_dcache_all
                0x00000000878003d4       0xcc arch/arm/cpu/armv7/built-in.o
 .text.invalidate_icache_all
                0x00000000878004a0       0x18 arch/arm/cpu/armv7/built-in.o
                0x00000000878004a0                invalidate_icache_all
 .text.v7_outer_cache_enable
                0x00000000878004b8        0x4 arch/arm/cpu/armv7/built-in.o
                0x00000000878004b8                v7_outer_cache_enable
 .text.v7_outer_cache_disable
                0x00000000878004bc        0x4 arch/arm/cpu/armv7/built-in.o
                0x00000000878004bc                v7_outer_cache_disable
 .text.v7_outer_cache_flush_all
                0x00000000878004c0        0x4 arch/arm/cpu/armv7/built-in.o
                0x00000000878004c0                v7_outer_cache_flush_all
 .text.flush_dcache_all
                0x00000000878004c4       0x14 arch/arm/cpu/armv7/built-in.o
                0x00000000878004c4                flush_dcache_all
 .text.v7_outer_cache_inval_all
                0x00000000878004d8        0x4 arch/arm/cpu/armv7/built-in.o
                0x00000000878004d8                v7_outer_cache_inval_all
 .text.invalidate_dcache_all
                0x00000000878004dc       0x14 arch/arm/cpu/armv7/built-in.o
                0x00000000878004dc                invalidate_dcache_all
 .text.arm_init_before_mmu
                0x00000000878004f0       0x28 arch/arm/cpu/armv7/built-in.o
                0x00000000878004f0                arm_init_before_mmu
 .text.v7_outer_cache_flush_range
                0x0000000087800518        0x4 arch/arm/cpu/armv7/built-in.o
                0x0000000087800518                v7_outer_cache_flush_range
 .text.flush_dcache_range
                0x000000008780051c       0x38 arch/arm/cpu/armv7/built-in.o
                0x000000008780051c                flush_dcache_range
 .text.mmu_page_table_flush
                0x0000000087800554       0x24 arch/arm/cpu/armv7/built-in.o
                0x0000000087800554                mmu_page_table_flush
 .text.v7_outer_cache_inval_range
                0x0000000087800578        0x4 arch/arm/cpu/armv7/built-in.o
                0x0000000087800578                v7_outer_cache_inval_range
 .text.invalidate_dcache_range
                0x000000008780057c       0xa8 arch/arm/cpu/armv7/built-in.o
                0x000000008780057c                invalidate_dcache_range
 .text.cpu_cache_initialization
                0x0000000087800624        0x4 arch/arm/cpu/armv7/built-in.o
                0x0000000087800624                cpu_cache_initialization
 .text.cleanup_before_linux_select
                0x0000000087800628       0x4c arch/arm/cpu/armv7/built-in.o
                0x0000000087800628                cleanup_before_linux_select
 .text.cleanup_before_linux
                0x0000000087800674        0x8 arch/arm/cpu/armv7/built-in.o
                0x0000000087800674                cleanup_before_linux
 .text.get_cpu_rev
                0x000000008780067c       0x90 arch/arm/cpu/armv7/built-in.o
                0x000000008780067c                get_cpu_rev
 .text.get_cpu_speed_grade_hz
                0x000000008780070c      0x138 arch/arm/cpu/armv7/built-in.o
                0x000000008780070c                get_cpu_speed_grade_hz
 .text.get_cpu_temp_grade
                0x0000000087800844       0x68 arch/arm/cpu/armv7/built-in.o
                0x0000000087800844                get_cpu_temp_grade
 .text.get_board_rev
                0x00000000878008ac       0x40 arch/arm/cpu/armv7/built-in.o
                0x00000000878008ac                get_board_rev
 .text.arch_cpu_init
                0x00000000878008ec      0x368 arch/arm/cpu/armv7/built-in.o
                0x00000000878008ec                arch_cpu_init
 .text.mmc_get_env_dev
                0x0000000087800c54       0x28 arch/arm/cpu/armv7/built-in.o
                0x0000000087800c54                mmc_get_env_dev
 .text.board_mmc_get_env_part
                0x0000000087800c7c        0x8 arch/arm/cpu/armv7/built-in.o
                0x0000000087800c7c                board_mmc_get_env_part
 .text.mmc_get_env_part
                0x0000000087800c84       0x28 arch/arm/cpu/armv7/built-in.o
                0x0000000087800c84                mmc_get_env_part
 .text.board_postclk_init
                0x0000000087800cac       0x70 arch/arm/cpu/armv7/built-in.o
                0x0000000087800cac                board_postclk_init
 .text.imx_get_mac_from_fuse
                0x0000000087800d1c       0xb8 arch/arm/cpu/armv7/built-in.o
                0x0000000087800d1c                imx_get_mac_from_fuse
 .text.set_wdog_reset
                0x0000000087800dd4       0x18 arch/arm/cpu/armv7/built-in.o
                0x0000000087800dd4                set_wdog_reset
 .text.reset_misc
                0x0000000087800dec        0x4 arch/arm/cpu/armv7/built-in.o
                0x0000000087800dec                reset_misc
 .text.s_init   0x0000000087800df0       0xa8 arch/arm/cpu/armv7/built-in.o
                0x0000000087800df0                s_init
 .text.get_ipg_clk
                0x0000000087800e98       0x28 arch/arm/cpu/armv7/built-in.o
 .text.get_uart_clk
                0x0000000087800ec0       0xd8 arch/arm/cpu/armv7/built-in.o
 .text.mxc_get_pll_pfd
                0x0000000087800f98       0xd4 arch/arm/cpu/armv7/built-in.o
 .text.get_usdhc_clk
                0x000000008780106c       0xe8 arch/arm/cpu/armv7/built-in.o
 .text.enable_ocotp_clk
                0x0000000087801154       0x24 arch/arm/cpu/armv7/built-in.o
                0x0000000087801154                enable_ocotp_clk
 .text.enable_usboh3_clk
                0x0000000087801178       0x24 arch/arm/cpu/armv7/built-in.o
                0x0000000087801178                enable_usboh3_clk
 .text.enable_enet_clk
                0x000000008780119c       0x64 arch/arm/cpu/armv7/built-in.o
                0x000000008780119c                enable_enet_clk
 .text.enable_i2c_clk
                0x0000000087801200       0xd8 arch/arm/cpu/armv7/built-in.o
                0x0000000087801200                enable_i2c_clk
 .text.get_periph_clk
                0x00000000878012d8       0xdc arch/arm/cpu/armv7/built-in.o
                0x00000000878012d8                get_periph_clk
 .text.get_axi_clk
                0x00000000878013b4       0x4c arch/arm/cpu/armv7/built-in.o
 .text.enable_qspi_clk
                0x0000000087801400       0x98 arch/arm/cpu/armv7/built-in.o
                0x0000000087801400                enable_qspi_clk
 .text.enable_fec_anatop_clock
                0x0000000087801498       0xf4 arch/arm/cpu/armv7/built-in.o
                0x0000000087801498                enable_fec_anatop_clock
 .text.imx_get_uartclk
                0x000000008780158c        0x4 arch/arm/cpu/armv7/built-in.o
                0x000000008780158c                imx_get_uartclk
 .text.enable_thermal_clk
                0x0000000087801590       0x48 arch/arm/cpu/armv7/built-in.o
                0x0000000087801590                enable_thermal_clk
 .text.mxc_get_clock
                0x00000000878015d8      0x4bc arch/arm/cpu/armv7/built-in.o
                0x00000000878015d8                mxc_get_clock
 .text.imx_get_fecclk
                0x0000000087801a94        0x8 arch/arm/cpu/armv7/built-in.o
                0x0000000087801a94                imx_get_fecclk
 .text.do_mx6_showclocks
                0x0000000087801a9c      0x230 arch/arm/cpu/armv7/built-in.o
                0x0000000087801a9c                do_mx6_showclocks
 .text.imx_iomux_v3_setup_pad
                0x0000000087801ccc      0x188 arch/arm/imx-common/built-in.o
                0x0000000087801ccc                imx_iomux_v3_setup_pad
 .text.imx_iomux_v3_setup_multiple_pads
                0x0000000087801e54       0x2c arch/arm/imx-common/built-in.o
                0x0000000087801e54                imx_iomux_v3_setup_multiple_pads
 .text.imx_ddr_size
                0x0000000087801e80       0x64 arch/arm/imx-common/built-in.o
                0x0000000087801e80                imx_ddr_size
 .text.get_imx_type
                0x0000000087801ee4       0x20 arch/arm/imx-common/built-in.o
                0x0000000087801ee4                get_imx_type
 .text.print_cpuinfo
                0x0000000087801f04      0x228 arch/arm/imx-common/built-in.o
                0x0000000087801f04                print_cpuinfo
 .text.cpu_eth_init
                0x000000008780212c        0x4 arch/arm/imx-common/built-in.o
                0x000000008780212c                cpu_eth_init
 .text.cpu_mmc_init
                0x0000000087802130        0x4 arch/arm/imx-common/built-in.o
                0x0000000087802130                cpu_mmc_init
 .text.get_ahb_clk
                0x0000000087802134       0x24 arch/arm/imx-common/built-in.o
                0x0000000087802134                get_ahb_clk
 .text.arch_preboot_os
                0x0000000087802158        0x4 arch/arm/imx-common/built-in.o
                0x0000000087802158                arch_preboot_os
 .text.get_clocks
                0x000000008780215c       0x1c arch/arm/imx-common/built-in.o
                0x000000008780215c                get_clocks
 .text.force_idle_bus
                0x0000000087802178      0x1c4 arch/arm/imx-common/built-in.o
                0x0000000087802178                force_idle_bus
 .text.setup_i2c
                0x000000008780233c       0xe4 arch/arm/imx-common/built-in.o
                0x000000008780233c                setup_i2c
 .text.enable_caches
                0x0000000087802420       0x34 arch/arm/imx-common/built-in.o
                0x0000000087802420                enable_caches
 .text.init_aips
                0x0000000087802454       0xc0 arch/arm/imx-common/built-in.o
                0x0000000087802454                init_aips
 .text.imx_set_wdog_powerdown
                0x0000000087802514       0xa8 arch/arm/imx-common/built-in.o
                0x0000000087802514                imx_set_wdog_powerdown
 .text.init_src
                0x00000000878025bc       0x18 arch/arm/imx-common/built-in.o
                0x00000000878025bc                init_src
 .text.boot_mode_apply
                0x00000000878025d4       0x24 arch/arm/imx-common/built-in.o
                0x00000000878025d4                boot_mode_apply
 .text.timer_init
                0x00000000878025f8       0x3c arch/arm/imx-common/built-in.o
                0x00000000878025f8                timer_init
 .text.get_ticks
                0x0000000087802634       0x18 arch/arm/imx-common/built-in.o
                0x0000000087802634                get_ticks
 .text.get_timer_masked
                0x000000008780264c       0x58 arch/arm/imx-common/built-in.o
                0x000000008780264c                get_timer_masked
 .text.get_timer
                0x00000000878026a4       0x14 arch/arm/imx-common/built-in.o
                0x00000000878026a4                get_timer
 .text.__udelay
                0x00000000878026b8       0x80 arch/arm/imx-common/built-in.o
                0x00000000878026b8                __udelay
 .text.get_tbclk
                0x0000000087802738        0x8 arch/arm/imx-common/built-in.o
                0x0000000087802738                get_tbclk
 .text.create_usage
                0x0000000087802740       0xa0 arch/arm/imx-common/built-in.o
 .text.do_boot_mode
                0x00000000878027e0       0xd4 arch/arm/imx-common/built-in.o
 .text.add_board_boot_modes
                0x00000000878028b4       0x60 arch/arm/imx-common/built-in.o
                0x00000000878028b4                add_board_boot_modes
 .text          0x0000000087802914       0x90 arch/arm/lib/built-in.o
                0x0000000087802914                _main
 .text.relocate_vectors
                0x00000000878029a4       0x70 arch/arm/lib/built-in.o
                0x00000000878029a4                relocate_vectors
                0x00000000878029b0                relocate_code
 .text.arch_fixup_fdt
                0x0000000087802a14       0x38 arch/arm/lib/built-in.o
                0x0000000087802a14                arch_fixup_fdt
 .text.boot_jump_linux
                0x0000000087802a4c       0xc4 arch/arm/lib/built-in.o
 .text.arch_lmb_reserve
                0x0000000087802b10       0x24 arch/arm/lib/built-in.o
                0x0000000087802b10                arch_lmb_reserve
 .text.setup_board_tags
                0x0000000087802b34        0x4 arch/arm/lib/built-in.o
                0x0000000087802b34                setup_board_tags
 .text.boot_prep_linux
                0x0000000087802b38      0x1dc arch/arm/lib/built-in.o
 .text.do_bootm_linux
                0x0000000087802d14       0x64 arch/arm/lib/built-in.o
                0x0000000087802d14                do_bootm_linux
 .text.bootz_setup
                0x0000000087802d78       0x58 arch/arm/lib/built-in.o
                0x0000000087802d78                bootz_setup
 .text.boot_prep_vxworks
                0x0000000087802dd0       0x50 arch/arm/lib/built-in.o
                0x0000000087802dd0                boot_prep_vxworks
 .text.boot_jump_vxworks
                0x0000000087802e20        0xc arch/arm/lib/built-in.o
                0x0000000087802e20                boot_jump_vxworks
 .text.arch_reserve_stacks
                0x0000000087802e2c       0x1c arch/arm/lib/built-in.o
                0x0000000087802e2c                arch_reserve_stacks
 .text.interrupt_init
                0x0000000087802e48       0x1c arch/arm/lib/built-in.o
                0x0000000087802e48                interrupt_init
 .text.enable_interrupts
                0x0000000087802e64        0x4 arch/arm/lib/built-in.o
                0x0000000087802e64                enable_interrupts
 .text.disable_interrupts
                0x0000000087802e68        0x8 arch/arm/lib/built-in.o
                0x0000000087802e68                disable_interrupts
 .text.bad_mode
                0x0000000087802e70       0x10 arch/arm/lib/built-in.o
                0x0000000087802e70                bad_mode
 .text.show_regs
                0x0000000087802e80      0x174 arch/arm/lib/built-in.o
                0x0000000087802e80                show_regs
 .text.do_undefined_instruction
                0x0000000087802ff4       0x20 arch/arm/lib/built-in.o
                0x0000000087802ff4                do_undefined_instruction
 .text.do_software_interrupt
                0x0000000087803014       0x20 arch/arm/lib/built-in.o
                0x0000000087803014                do_software_interrupt
 .text.do_prefetch_abort
                0x0000000087803034       0x20 arch/arm/lib/built-in.o
                0x0000000087803034                do_prefetch_abort
 .text.do_data_abort
                0x0000000087803054       0x20 arch/arm/lib/built-in.o
                0x0000000087803054                do_data_abort
 .text.do_not_used
                0x0000000087803074       0x20 arch/arm/lib/built-in.o
                0x0000000087803074                do_not_used
 .text.do_fiq   0x0000000087803094       0x20 arch/arm/lib/built-in.o
                0x0000000087803094                do_fiq
 .text.do_irq   0x00000000878030b4       0x20 arch/arm/lib/built-in.o
                0x00000000878030b4                do_irq
 .text.do_reset
                0x00000000878030d4       0x30 arch/arm/lib/built-in.o
                0x00000000878030d4                do_reset
 .text.flush_cache
                0x0000000087803104        0x8 arch/arm/lib/built-in.o
                0x0000000087803104                flush_cache
 .text.cp_delay
                0x000000008780310c       0x30 arch/arm/lib/built-in.o
 .text.arm_init_domains
                0x000000008780313c        0x4 arch/arm/lib/built-in.o
                0x000000008780313c                arm_init_domains
 .text.set_section_dcache
                0x0000000087803140       0x14 arch/arm/lib/built-in.o
                0x0000000087803140                set_section_dcache
 .text.mmu_set_region_dcache_behaviour
                0x0000000087803154       0x50 arch/arm/lib/built-in.o
                0x0000000087803154                mmu_set_region_dcache_behaviour
 .text.dram_bank_mmu_setup
                0x00000000878031a4       0x44 arch/arm/lib/built-in.o
                0x00000000878031a4                dram_bank_mmu_setup
 .text.icache_enable
                0x00000000878031e8       0x18 arch/arm/lib/built-in.o
                0x00000000878031e8                icache_enable
 .text.icache_disable
                0x0000000087803200       0x20 arch/arm/lib/built-in.o
                0x0000000087803200                icache_disable
 .text.icache_status
                0x0000000087803220        0xc arch/arm/lib/built-in.o
                0x0000000087803220                icache_status
 .text.dcache_enable
                0x000000008780322c       0x78 arch/arm/lib/built-in.o
                0x000000008780322c                dcache_enable
 .text.dcache_disable
                0x00000000878032a4       0x2c arch/arm/lib/built-in.o
                0x00000000878032a4                dcache_disable
 .text.dcache_status
                0x00000000878032d0        0xc arch/arm/lib/built-in.o
                0x00000000878032d0                dcache_status
 .text.board_late_mmc_env_init
                0x00000000878032dc       0x9c board/freescale/common/built-in.o
                0x00000000878032dc                board_late_mmc_env_init
 .text.power_init_board
                0x0000000087803378        0x8 board/freescale/mx6ullevk/built-in.o
                0x0000000087803378                power_init_board
 .text.dram_init
                0x0000000087803380       0x18 board/freescale/mx6ullevk/built-in.o
                0x0000000087803380                dram_init
 .text.board_mmc_get_env_dev
                0x0000000087803398        0x4 board/freescale/mx6ullevk/built-in.o
                0x0000000087803398                board_mmc_get_env_dev
 .text.mmc_map_to_kernel_blk
                0x000000008780339c        0x4 board/freescale/mx6ullevk/built-in.o
                0x000000008780339c                mmc_map_to_kernel_blk
 .text.board_mmc_getcd
                0x00000000878033a0       0x80 board/freescale/mx6ullevk/built-in.o
                0x00000000878033a0                board_mmc_getcd
 .text.board_mmc_init
                0x0000000087803420       0xd4 board/freescale/mx6ullevk/built-in.o
                0x0000000087803420                board_mmc_init
 .text.board_usb_phy_mode
                0x00000000878034f4       0x14 board/freescale/mx6ullevk/built-in.o
                0x00000000878034f4                board_usb_phy_mode
 .text.board_ehci_hcd_init
                0x0000000087803508       0x28 board/freescale/mx6ullevk/built-in.o
                0x0000000087803508                board_ehci_hcd_init
 .text.board_eth_init
                0x0000000087803530       0x34 board/freescale/mx6ullevk/built-in.o
                0x0000000087803530                board_eth_init
 .text.board_phy_config
                0x0000000087803564       0x4c board/freescale/mx6ullevk/built-in.o
                0x0000000087803564                board_phy_config
 .text.board_early_init_f
                0x00000000878035b0       0x1c board/freescale/mx6ullevk/built-in.o
                0x00000000878035b0                board_early_init_f
 .text.board_init
                0x00000000878035cc      0x198 board/freescale/mx6ullevk/built-in.o
                0x00000000878035cc                board_init
 .text.board_late_init
                0x0000000087803764       0x50 board/freescale/mx6ullevk/built-in.o
                0x0000000087803764                board_late_init
 .text.checkboard
                0x00000000878037b4       0x18 board/freescale/mx6ullevk/built-in.o
                0x00000000878037b4                checkboard
 .text.do_go_exec
                0x00000000878037cc       0x10 cmd/built-in.o
                0x00000000878037cc                do_go_exec
 .text.do_go    0x00000000878037dc       0x6c cmd/built-in.o
 .text.do_bootm
                0x0000000087803848      0x110 cmd/built-in.o
                0x0000000087803848                do_bootm
 .text.do_bootd
                0x0000000087803958       0x20 cmd/built-in.o
                0x0000000087803958                do_bootd
 .text.image_info
                0x0000000087803978       0xcc cmd/built-in.o
 .text.do_iminfo
                0x0000000087803a44       0x5c cmd/built-in.o
 .text.bootm_maybe_autostart
                0x0000000087803aa0       0x78 cmd/built-in.o
                0x0000000087803aa0                bootm_maybe_autostart
 .text.do_bootz
                0x0000000087803b18       0xf8 cmd/built-in.o
                0x0000000087803b18                do_bootz
 .text.do_help  0x0000000087803c10       0x44 cmd/built-in.o
 .text.do_version
                0x0000000087803c54       0x38 cmd/built-in.o
 .text.source   0x0000000087803c8c       0xd8 cmd/built-in.o
                0x0000000087803c8c                source
 .text.do_source
                0x0000000087803d64       0x48 cmd/built-in.o
 .text.print_num
                0x0000000087803dac       0x14 cmd/built-in.o
 .text.do_bdinfo
                0x0000000087803dc0      0x180 cmd/built-in.o
 .text.parse_argv
                0x0000000087803f40       0x64 cmd/built-in.o
 .text.do_icache
                0x0000000087803fa4       0x88 cmd/built-in.o
 .text.do_dcache
                0x000000008780402c       0x88 cmd/built-in.o
 .text.do_coninfo
                0x00000000878040b4       0xb0 cmd/built-in.o
 .text.do_echo  0x0000000087804164       0xb0 cmd/built-in.o
 .text.load_elf_image_shdr
                0x0000000087804214       0x8c cmd/built-in.o
 .text.valid_elf_image
                0x00000000878042a0       0x4c cmd/built-in.o
                0x00000000878042a0                valid_elf_image
 .text.do_bootelf
                0x00000000878042ec      0x1b0 cmd/built-in.o
                0x00000000878042ec                do_bootelf
 .text.do_bootvx
                0x000000008780449c      0x330 cmd/built-in.o
                0x000000008780449c                do_bootvx
 .text.do_exit  0x00000000878047cc       0x3c cmd/built-in.o
 .text.do_ext4_size
                0x0000000087804808       0x18 cmd/built-in.o
                0x0000000087804808                do_ext4_size
 .text.do_ext4_load
                0x0000000087804820       0x18 cmd/built-in.o
                0x0000000087804820                do_ext4_load
 .text.do_ext4_ls
                0x0000000087804838       0x18 cmd/built-in.o
                0x0000000087804838                do_ext4_ls
 .text.do_ext4_write
                0x0000000087804850       0x18 cmd/built-in.o
                0x0000000087804850                do_ext4_write
 .text.do_ext2load
                0x0000000087804868       0x18 cmd/built-in.o
                0x0000000087804868                do_ext2load
 .text.do_ext2ls
                0x0000000087804880       0x18 cmd/built-in.o
 .text.do_fat_size
                0x0000000087804898       0x18 cmd/built-in.o
                0x0000000087804898                do_fat_size
 .text.do_fat_fsload
                0x00000000878048b0       0x18 cmd/built-in.o
                0x00000000878048b0                do_fat_fsload
 .text.do_fat_ls
                0x00000000878048c8       0x18 cmd/built-in.o
 .text.do_fat_fsinfo
                0x00000000878048e0       0x90 cmd/built-in.o
 .text.fdt_valid
                0x0000000087804970       0xbc cmd/built-in.o
 .text.is_printable_string
                0x0000000087804a2c       0x98 cmd/built-in.o
 .text.print_data
                0x0000000087804ac4      0x174 cmd/built-in.o
 .text.set_working_fdt_addr
                0x0000000087804c38       0x1c cmd/built-in.o
                0x0000000087804c38                set_working_fdt_addr
 .text.do_fdt   0x0000000087804c54      0xe94 cmd/built-in.o
 .text.do_flinfo
                0x0000000087805ae8        0x8 cmd/built-in.o
 .text.do_flerase
                0x0000000087805af0        0x8 cmd/built-in.o
 .text.do_protect
                0x0000000087805af8       0x10 cmd/built-in.o
 .text.do_size_wrapper
                0x0000000087805b08       0x18 cmd/built-in.o
 .text.do_load_wrapper
                0x0000000087805b20       0x18 cmd/built-in.o
 .text.do_save_wrapper
                0x0000000087805b38       0x18 cmd/built-in.o
 .text.do_ls_wrapper
                0x0000000087805b50       0x18 cmd/built-in.o
 .text.do_fstype_wrapper
                0x0000000087805b68        0x4 cmd/built-in.o
 .text.strtou32
                0x0000000087805b6c       0x44 cmd/built-in.o
 .text.do_fuse  0x0000000087805bb0      0x360 cmd/built-in.o
 .text.name_to_gpio
                0x0000000087805f10        0xc cmd/built-in.o
                0x0000000087805f10                name_to_gpio
 .text.do_gpio  0x0000000087805f1c      0x154 cmd/built-in.o
 .text.do_i2c   0x0000000087806070       0x64 cmd/built-in.o
 .text.do_i2c_bus_speed
                0x00000000878060d4       0x78 cmd/built-in.o
 .text.do_i2c_reset
                0x000000008780614c       0x2c cmd/built-in.o
 .text.do_i2c_probe
                0x0000000087806178       0x9c cmd/built-in.o
 .text.do_i2c_bus_num
                0x0000000087806214       0xb8 cmd/built-in.o
 .text.do_i2c_show_bus
                0x00000000878062cc       0xd0 cmd/built-in.o
 .text.get_alen.constprop.4
                0x000000008780639c       0x3c cmd/built-in.o
 .text.do_i2c_crc
                0x00000000878063d8      0x120 cmd/built-in.o
 .text.do_i2c_read
                0x00000000878064f8       0xbc cmd/built-in.o
 .text.do_i2c_md
                0x00000000878065b4      0x1e8 cmd/built-in.o
 .text.do_i2c_mw
                0x000000008780679c       0xfc cmd/built-in.o
 .text.do_i2c_write
                0x0000000087806898      0x14c cmd/built-in.o
 .text.mod_i2c_mem.isra.3
                0x00000000878069e4      0x204 cmd/built-in.o
 .text.do_i2c_nm
                0x0000000087806be8        0x8 cmd/built-in.o
 .text.do_i2c_mm
                0x0000000087806bf0        0x8 cmd/built-in.o
 .text.do_i2c_loop
                0x0000000087806bf8       0xe4 cmd/built-in.o
 .text.i2c_init_board
                0x0000000087806cdc        0x4 cmd/built-in.o
                0x0000000087806cdc                i2c_init_board
 .text.evalexp  0x0000000087806ce0       0x70 cmd/built-in.o
 .text.evalstr  0x0000000087806d50       0x6c cmd/built-in.o
 .text.binary_test
                0x0000000087806dbc      0x1b4 cmd/built-in.o
 .text.do_itest
                0x0000000087806f70       0x88 cmd/built-in.o
 .text.bin_data_init
                0x0000000087806ff8       0x2c cmd/built-in.o
 .text.k_data_save
                0x0000000087807024       0x4c cmd/built-in.o
 .text.k_data_restore
                0x0000000087807070       0x4c cmd/built-in.o
 .text.getcxmodem
                0x00000000878070bc       0x20 cmd/built-in.o
 .text.load_serial_ymodem
                0x00000000878070dc       0xcc cmd/built-in.o
 .text.bin_data_char
                0x00000000878071a8       0x2c cmd/built-in.o
 .text.chk1.constprop.1
                0x00000000878071d4       0x2c cmd/built-in.o
 .text.s1_sendpacket.constprop.2
                0x0000000087807200       0x50 cmd/built-in.o
 .text.load_serial
                0x0000000087807250      0x1e0 cmd/built-in.o
 .text.do_load_serial
                0x0000000087807430       0xdc cmd/built-in.o
 .text.do_load_serial_bin
                0x000000008780750c      0x7a8 cmd/built-in.o
 .text.do_mem_mw
                0x0000000087807cb4       0xc0 cmd/built-in.o
 .text.do_mem_loop
                0x0000000087807d74       0xec cmd/built-in.o
 .text.do_mem_md
                0x0000000087807e60       0xec cmd/built-in.o
 .text.do_mem_cmp
                0x0000000087807f4c      0x164 cmd/built-in.o
 .text.do_mem_base
                0x00000000878080b0       0x40 cmd/built-in.o
 .text.do_mem_cp
                0x00000000878080f0       0xd8 cmd/built-in.o
 .text.do_mem_crc
                0x00000000878081c8       0x48 cmd/built-in.o
 .text.do_mem_mtest
                0x0000000087808210      0x230 cmd/built-in.o
 .text.mod_mem.isra.2
                0x0000000087808440      0x164 cmd/built-in.o
 .text.do_mem_mm
                0x00000000878085a4        0x8 cmd/built-in.o
 .text.do_mem_nm
                0x00000000878085ac        0x8 cmd/built-in.o
 .text.extract_range
                0x00000000878085b4       0xe4 cmd/built-in.o
 .text.do_mii   0x0000000087808698      0x8e0 cmd/built-in.o
 .text.do_mdio  0x0000000087808f78      0x4dc cmd/built-in.o
 .text.do_sleep
                0x0000000087809454       0x70 cmd/built-in.o
 .text.do_mmcops
                0x00000000878094c4       0xb4 cmd/built-in.o
 .text.init_mmc_device
                0x0000000087809578       0x54 cmd/built-in.o
 .text.do_mmc_rescan
                0x00000000878095cc       0x24 cmd/built-in.o
 .text.do_mmc_rst_func
                0x00000000878095f0       0xa0 cmd/built-in.o
 .text.do_mmc_partconf
                0x0000000087809690       0xb4 cmd/built-in.o
 .text.do_mmc_boot_resize
                0x0000000087809744       0xcc cmd/built-in.o
 .text.do_mmc_bootbus
                0x0000000087809810       0xb4 cmd/built-in.o
 .text.do_mmc_hwpartition
                0x00000000878098c4      0x518 cmd/built-in.o
 .text.do_mmc_list
                0x0000000087809ddc       0x14 cmd/built-in.o
 .text.do_mmc_dev
                0x0000000087809df0      0x134 cmd/built-in.o
 .text.do_mmc_part
                0x0000000087809f24       0x5c cmd/built-in.o
 .text.do_mmc_erase
                0x0000000087809f80       0xe8 cmd/built-in.o
 .text.do_mmc_write
                0x000000008780a068      0x100 cmd/built-in.o
 .text.do_mmc_read
                0x000000008780a168       0xec cmd/built-in.o
 .text.do_mmcinfo
                0x000000008780a254      0x370 cmd/built-in.o
 .text.do_mmc_setdsr
                0x000000008780a5c4       0xb0 cmd/built-in.o
 .text.netboot_common
                0x000000008780a674      0x294 cmd/built-in.o
 .text.do_bootp
                0x000000008780a908        0xc cmd/built-in.o
 .text.do_dhcp  0x000000008780a914        0xc cmd/built-in.o
 .text.do_nfs   0x000000008780a920        0xc cmd/built-in.o
 .text.do_tftpb
                0x000000008780a92c       0x40 cmd/built-in.o
                0x000000008780a92c                do_tftpb
 .text.do_ping  0x000000008780a96c       0x78 cmd/built-in.o
 .text.bytes_per_second
                0x000000008780a9e4       0x50 cmd/built-in.o
 .text.do_spi_flash
                0x000000008780aa34      0x880 cmd/built-in.o
 .text.get_arg  0x000000008780b2b4       0x58 cmd/built-in.o
 .text.substitute
                0x000000008780b30c       0xf0 cmd/built-in.o
 .text.regex_sub
                0x000000008780b3fc      0x470 cmd/built-in.o
 .text.do_setexpr
                0x000000008780b86c      0x1a0 cmd/built-in.o
 .text.do_false
                0x000000008780ba0c        0x8 cmd/built-in.o
 .text.do_true  0x000000008780ba14        0x8 cmd/built-in.o
 .text.do_test  0x000000008780ba1c      0x33c cmd/built-in.o
 .text.usb_get_class_desc
                0x000000008780bd58       0xbc cmd/built-in.o
 .text.usb_find_device
                0x000000008780be14       0x3c cmd/built-in.o
 .text.usb_show_tree_graph
                0x000000008780be50      0x228 cmd/built-in.o
 .text.usb_display_class_sub
                0x000000008780c078      0x170 cmd/built-in.o
 .text.usb_display_string
                0x000000008780c1e8       0x44 cmd/built-in.o
 .text.usb_display_config
                0x000000008780c22c      0x20c cmd/built-in.o
 .text.do_usbboot
                0x000000008780c438        0xc cmd/built-in.o
 .text.usb_display_desc.part.2
                0x000000008780c444      0x12c cmd/built-in.o
 .text.do_usb_start
                0x000000008780c570       0x44 cmd/built-in.o
 .text.usb_show_tree
                0x000000008780c5b4       0x54 cmd/built-in.o
                0x000000008780c5b4                usb_show_tree
 .text.do_usb   0x000000008780c608      0x750 cmd/built-in.o
 .text.do_imgextract
                0x000000008780cd58      0x290 cmd/built-in.o
 .text.do_env_delete
                0x000000008780cfe8       0x9c cmd/built-in.o
 .text.do_env_exists
                0x000000008780d084       0x64 cmd/built-in.o
 .text.do_env_save
                0x000000008780d0e8       0x2c cmd/built-in.o
 .text.do_env   0x000000008780d114       0x64 cmd/built-in.o
 .text.env_print
                0x000000008780d178       0xc0 cmd/built-in.o
 .text.do_env_print
                0x000000008780d238       0xc4 cmd/built-in.o
 .text.do_env_import
                0x000000008780d2fc      0x28c cmd/built-in.o
 .text.do_env_default
                0x000000008780d588       0xa8 cmd/built-in.o
 .text._do_env_set.isra.1
                0x000000008780d630      0x1bc cmd/built-in.o
 .text.do_env_set
                0x000000008780d7ec       0x20 cmd/built-in.o
 .text.get_env_id
                0x000000008780d80c       0x10 cmd/built-in.o
                0x000000008780d80c                get_env_id
 .text.setenv   0x000000008780d81c       0x60 cmd/built-in.o
                0x000000008780d81c                setenv
 .text.setenv_ulong
                0x000000008780d87c       0x20 cmd/built-in.o
                0x000000008780d87c                setenv_ulong
 .text.setenv_hex
                0x000000008780d89c       0x34 cmd/built-in.o
                0x000000008780d89c                setenv_hex
 .text.do_env_export
                0x000000008780d8d0      0x24c cmd/built-in.o
 .text.envmatch
                0x000000008780db1c       0x6c cmd/built-in.o
                0x000000008780db1c                envmatch
 .text.getenv_f
                0x000000008780db88       0xc0 cmd/built-in.o
                0x000000008780db88                getenv_f
 .text.getenv   0x000000008780dc48       0x78 cmd/built-in.o
                0x000000008780dc48                getenv
 .text.getenv_hex
                0x000000008780dcc0       0x3c cmd/built-in.o
                0x000000008780dcc0                getenv_hex
 .text.getenv_ulong
                0x000000008780dcfc       0x30 cmd/built-in.o
                0x000000008780dcfc                getenv_ulong
 .text.do_env_edit.part.3
                0x000000008780dd2c       0xa4 cmd/built-in.o
 .text.do_env_edit
                0x000000008780ddd0       0x2c cmd/built-in.o
 .text.common_diskboot
                0x000000008780ddfc      0x23c cmd/built-in.o
                0x000000008780ddfc                common_diskboot
 .text.board_init_f_alloc_reserve
                0x000000008780e038       0x10 common/built-in.o
                0x000000008780e038                board_init_f_alloc_reserve
 .text.board_init_f_init_reserve
                0x000000008780e048       0x20 common/built-in.o
                0x000000008780e048                board_init_f_init_reserve
 .text.show_boot_progress
                0x000000008780e068        0x4 common/built-in.o
                0x000000008780e068                show_boot_progress
 .text.main_loop
                0x000000008780e06c       0x20 common/built-in.o
                0x000000008780e06c                main_loop
 .text.dummy    0x000000008780e08c        0x4 common/built-in.o
 .text.get_version
                0x000000008780e090        0x8 common/built-in.o
                0x000000008780e090                get_version
 .text.jumptable_init
                0x000000008780e098      0x1e0 common/built-in.o
                0x000000008780e098                jumptable_init
 .text.hash_command
                0x000000008780e278       0xb4 common/built-in.o
                0x000000008780e278                hash_command
 .text.b_reset  0x000000008780e32c       0x1c common/built-in.o
 .text.static_get
                0x000000008780e348       0x1c common/built-in.o
 .text.static_peek
                0x000000008780e364        0xc common/built-in.o
 .text.file_peek
                0x000000008780e370        0xc common/built-in.o
 .text.mapset   0x000000008780e37c       0x20 common/built-in.o
 .text.syntax_err
                0x000000008780e39c        0xc common/built-in.o
 .text.free_pipe_list
                0x000000008780e3a8       0xf0 common/built-in.o
 .text.xmalloc  0x000000008780e498       0x20 common/built-in.o
 .text.new_pipe
                0x000000008780e4b8       0x28 common/built-in.o
 .text.xrealloc
                0x000000008780e4e0       0x20 common/built-in.o
 .text.done_command
                0x000000008780e500       0x88 common/built-in.o
 .text.done_pipe
                0x000000008780e588       0x48 common/built-in.o
 .text.done_word
                0x000000008780e5d0      0x2e4 common/built-in.o
 .text.do_showvar
                0x000000008780e8b4       0xfc common/built-in.o
 .text.is_assignment
                0x000000008780e9b0       0x5c common/built-in.o
 .text.file_get
                0x000000008780ea0c      0x1f0 common/built-in.o
 .text.b_addchr
                0x000000008780ebfc       0x78 common/built-in.o
 .text.b_addqchr
                0x000000008780ec74       0x50 common/built-in.o
 .text.get_local_var
                0x000000008780ecc4       0xa0 common/built-in.o
                0x000000008780ecc4                get_local_var
 .text.set_local_var
                0x000000008780ed64      0x1bc common/built-in.o
                0x000000008780ed64                set_local_var
 .text.insert_var_value_sub
                0x000000008780ef20      0x2c0 common/built-in.o
 .text.parse_string_outer
                0x000000008780f1e0       0xe4 common/built-in.o
                0x000000008780f1e0                parse_string_outer
 .text.run_list_real
                0x000000008780f2c4      0x7e8 common/built-in.o
 .text.parse_stream_outer
                0x000000008780faac      0x6cc common/built-in.o
 .text.parse_file_outer
                0x0000000087810178       0x44 common/built-in.o
                0x0000000087810178                parse_file_outer
 .text.u_boot_hush_start
                0x00000000878101bc       0x54 common/built-in.o
                0x00000000878101bc                u_boot_hush_start
 .text.bootdelay_process
                0x0000000087810210       0xcc common/built-in.o
                0x0000000087810210                bootdelay_process
 .text.autoboot_command
                0x00000000878102dc       0xf8 common/built-in.o
                0x00000000878102dc                autoboot_command
 .text.display_text_info
                0x00000000878103d4        0x8 common/built-in.o
 .text.setup_mon_len
                0x00000000878103dc       0x20 common/built-in.o
 .text.reserve_round_4k
                0x00000000878103fc       0x18 common/built-in.o
 .text.reserve_mmu
                0x0000000087810414       0x38 common/built-in.o
 .text.reserve_trace
                0x000000008781044c        0x8 common/built-in.o
 .text.reserve_uboot
                0x0000000087810454       0x30 common/built-in.o
 .text.reserve_malloc
                0x0000000087810484       0x18 common/built-in.o
 .text.setup_machine
                0x000000008781049c        0x8 common/built-in.o
 .text.reserve_global_data
                0x00000000878104a4       0x1c common/built-in.o
 .text.reserve_fdt
                0x00000000878104c0       0x4c common/built-in.o
 .text.display_new_sp
                0x000000008781050c        0x8 common/built-in.o
 .text.initf_console_record
                0x0000000087810514        0x8 common/built-in.o
 .text.reserve_arch
                0x000000008781051c        0x8 common/built-in.o
                0x000000008781051c                reserve_arch
 .text.arch_cpu_init_dm
                0x0000000087810524        0x8 common/built-in.o
                0x0000000087810524                arch_cpu_init_dm
 .text.announce_dram_init
                0x000000008781052c       0x18 common/built-in.o
 .text.init_func_i2c
                0x0000000087810544       0x28 common/built-in.o
 .text.init_baud_rate
                0x000000008781056c       0x2c common/built-in.o
 .text.mark_bootstage
                0x0000000087810598       0x14 common/built-in.o
 .text.initf_dm
                0x00000000878105ac        0x8 common/built-in.o
 .text.setup_reloc
                0x00000000878105b4       0x40 common/built-in.o
 .text.reloc_fdt
                0x00000000878105f4       0x44 common/built-in.o
 .text.reserve_board
                0x0000000087810638       0x40 common/built-in.o
 .text.coloured_LED_init
                0x0000000087810678        0x4 common/built-in.o
                0x0000000087810678                coloured_LED_init
 .text.red_led_on
                0x000000008781067c        0x4 common/built-in.o
                0x000000008781067c                red_led_on
 .text.board_add_ram_info
                0x0000000087810680        0x4 common/built-in.o
                0x0000000087810680                board_add_ram_info
 .text.show_dram_config
                0x0000000087810684       0x38 common/built-in.o
 .text.dram_init_banksize
                0x00000000878106bc       0x20 common/built-in.o
                0x00000000878106bc                dram_init_banksize
 .text.setup_dram_config
                0x00000000878106dc       0x10 common/built-in.o
 .text.board_get_usable_ram_top
                0x00000000878106ec       0x14 common/built-in.o
                0x00000000878106ec                board_get_usable_ram_top
 .text.board_reserve_ram_top
                0x0000000087810700        0x4 common/built-in.o
                0x0000000087810700                board_reserve_ram_top
 .text.setup_dest_addr
                0x0000000087810704       0x4c common/built-in.o
 .text.reserve_stacks
                0x0000000087810750       0x1c common/built-in.o
 .text.board_init_f
                0x000000008781076c       0x28 common/built-in.o
                0x000000008781076c                board_init_f
 .text.bootstage_relocate
                0x0000000087810794        0x8 common/built-in.o
 .text.initr_trace
                0x000000008781079c        0x8 common/built-in.o
 .text.initr_reloc
                0x00000000878107a4       0x18 common/built-in.o
 .text.initr_reloc_global_data
                0x00000000878107bc       0x28 common/built-in.o
 .text.initr_barrier
                0x00000000878107e4        0x8 common/built-in.o
 .text.initr_console_record
                0x00000000878107ec        0x8 common/built-in.o
 .text.initr_announce
                0x00000000878107f4        0x8 common/built-in.o
 .text.run_main_loop
                0x00000000878107fc        0xc common/built-in.o
 .text.initr_net
                0x0000000087810808       0x1c common/built-in.o
 .text.initr_ethaddr
                0x0000000087810824       0x20 common/built-in.o
 .text.initr_enable_interrupts
                0x0000000087810844       0x10 common/built-in.o
 .text.initr_jumptable
                0x0000000087810854       0x10 common/built-in.o
 .text.initr_env
                0x0000000087810864       0x30 common/built-in.o
 .text.initr_mmc
                0x0000000087810894       0x20 common/built-in.o
 .text.initr_serial
                0x00000000878108b4       0x10 common/built-in.o
 .text.initr_bootstage
                0x00000000878108c4       0x14 common/built-in.o
 .text.initr_dm
                0x00000000878108d8       0x14 common/built-in.o
 .text.initr_malloc
                0x00000000878108ec       0x24 common/built-in.o
 .text.initr_caches
                0x0000000087810910       0x10 common/built-in.o
 .text.cpu_secondary_init_r
                0x0000000087810920        0x4 common/built-in.o
                0x0000000087810920                cpu_secondary_init_r
 .text.initr_secondary_cpu
                0x0000000087810924       0x10 common/built-in.o
 .text.board_init_r
                0x0000000087810934       0x14 common/built-in.o
                0x0000000087810934                board_init_r
 .text.show_board_info
                0x0000000087810948        0x4 common/built-in.o
                0x0000000087810948                show_board_info
 .text.bootm_find_images
                0x000000008781094c       0xa8 common/built-in.o
                0x000000008781094c                bootm_find_images
 .text.bootm_decomp_image
                0x00000000878109f4      0x14c common/built-in.o
                0x00000000878109f4                bootm_decomp_image
 .text.bootm_disable_interrupts
                0x0000000087810b40       0x18 common/built-in.o
                0x0000000087810b40                bootm_disable_interrupts
 .text.do_bootm_states
                0x0000000087810b58      0x750 common/built-in.o
                0x0000000087810b58                do_bootm_states
 .text.copy_args
                0x00000000878112a8       0x50 common/built-in.o
 .text.do_bootm_rtems
                0x00000000878112f8       0x40 common/built-in.o
 .text.do_bootm_plan9
                0x0000000087811338       0xa4 common/built-in.o
 .text.do_bootm_standalone
                0x00000000878113dc       0x64 common/built-in.o
 .text.do_bootm_qnxelf
                0x0000000087811440       0x5c common/built-in.o
 .text.do_bootm_netbsd
                0x000000008781149c       0xf8 common/built-in.o
 .text.do_bootvx_fdt
                0x0000000087811594      0x118 common/built-in.o
                0x0000000087811594                do_bootvx_fdt
 .text.do_bootm_vxworks
                0x00000000878116ac       0x24 common/built-in.o
 .text.boot_selected_os
                0x00000000878116d0       0x58 common/built-in.o
                0x00000000878116d0                boot_selected_os
 .text.bootm_os_get_boot_func
                0x0000000087811728       0x10 common/built-in.o
                0x0000000087811728                bootm_os_get_boot_func
 .text.regex_callback
                0x0000000087811738      0x134 common/built-in.o
 .text.env_attr_walk
                0x000000008781186c      0x11c common/built-in.o
                0x000000008781186c                env_attr_walk
 .text.env_attr_lookup
                0x0000000087811988       0x84 common/built-in.o
                0x0000000087811988                env_attr_lookup
 .text.clear_callback
                0x0000000087811a0c       0x10 common/built-in.o
 .text.find_env_callback
                0x0000000087811a1c       0x68 common/built-in.o
 .text.on_callbacks
                0x0000000087811a84       0x50 common/built-in.o
 .text.set_callback
                0x0000000087811ad4       0x98 common/built-in.o
 .text.env_callback_init
                0x0000000087811b6c       0xc4 common/built-in.o
                0x0000000087811b6c                env_callback_init
 .text.skip_num
                0x0000000087811c30       0x70 common/built-in.o
 .text.clear_flags
                0x0000000087811ca0       0x10 common/built-in.o
 .text.on_flags
                0x0000000087811cb0       0x50 common/built-in.o
 .text.env_flags_parse_vartype
                0x0000000087811d00       0x50 common/built-in.o
                0x0000000087811d00                env_flags_parse_vartype
 .text.env_flags_parse_varaccess
                0x0000000087811d50       0x58 common/built-in.o
                0x0000000087811d50                env_flags_parse_varaccess
 .text.set_flags
                0x0000000087811da8       0xb0 common/built-in.o
 .text.eth_validate_ethaddr_str
                0x0000000087811e58       0x94 common/built-in.o
                0x0000000087811e58                eth_validate_ethaddr_str
 .text.env_flags_init
                0x0000000087811eec       0xd8 common/built-in.o
                0x0000000087811eec                env_flags_init
 .text.env_flags_validate
                0x0000000087811fc4      0x2b8 common/built-in.o
                0x0000000087811fc4                env_flags_validate
 .text.mmc_get_env_addr
                0x000000008781227c       0x10 common/built-in.o
                0x000000008781227c                mmc_get_env_addr
 .text.fini_mmc_for_env.isra.0
                0x000000008781228c       0x1c common/built-in.o
 .text.env_init
                0x00000000878122a8       0x1c common/built-in.o
                0x00000000878122a8                env_init
 .text.init_mmc_for_env
                0x00000000878122c4       0x78 common/built-in.o
 .text.saveenv  0x000000008781233c      0x114 common/built-in.o
                0x000000008781233c                saveenv
 .text.env_relocate_spec
                0x0000000087812450       0xe0 common/built-in.o
                0x0000000087812450                env_relocate_spec
 .text.fdt_find_and_setprop
                0x0000000087812530       0x70 common/built-in.o
                0x0000000087812530                fdt_find_and_setprop
 .text.fdt_find_or_add_subnode
                0x00000000878125a0       0x68 common/built-in.o
                0x00000000878125a0                fdt_find_or_add_subnode
 .text.fdt_root
                0x0000000087812608       0x90 common/built-in.o
                0x0000000087812608                fdt_root
 .text.fdt_initrd
                0x0000000087812698      0x1c8 common/built-in.o
                0x0000000087812698                fdt_initrd
 .text.fdt_chosen
                0x0000000087812860       0xa8 common/built-in.o
                0x0000000087812860                fdt_chosen
 .text.do_fixup_by_path
                0x0000000087812908       0x54 common/built-in.o
                0x0000000087812908                do_fixup_by_path
 .text.fdt_fixup_memory_banks
                0x000000008781295c      0x1b0 common/built-in.o
                0x000000008781295c                fdt_fixup_memory_banks
 .text.fdt_fixup_memory
                0x0000000087812b0c       0x20 common/built-in.o
                0x0000000087812b0c                fdt_fixup_memory
 .text.fdt_fixup_ethernet
                0x0000000087812b2c      0x174 common/built-in.o
                0x0000000087812b2c                fdt_fixup_ethernet
 .text.fdt_shrink_to_minimum
                0x0000000087812ca0       0xcc common/built-in.o
                0x0000000087812ca0                fdt_shrink_to_minimum
 .text.miiphy_get_dev_by_name
                0x0000000087812d6c       0x60 common/built-in.o
                0x0000000087812d6c                miiphy_get_dev_by_name
 .text.miiphy_init
                0x0000000087812dcc       0x24 common/built-in.o
                0x0000000087812dcc                miiphy_init
 .text.mdio_alloc
                0x0000000087812df0       0x30 common/built-in.o
                0x0000000087812df0                mdio_alloc
 .text.mdio_register
                0x0000000087812e20       0x9c common/built-in.o
                0x0000000087812e20                mdio_register
 .text.mdio_unregister
                0x0000000087812ebc       0x3c common/built-in.o
                0x0000000087812ebc                mdio_unregister
 .text.mdio_list_devices
                0x0000000087812ef8       0x98 common/built-in.o
                0x0000000087812ef8                mdio_list_devices
 .text.miiphy_set_current_dev
                0x0000000087812f90       0x40 common/built-in.o
                0x0000000087812f90                miiphy_set_current_dev
 .text.miiphy_get_active_dev
                0x0000000087812fd0       0x54 common/built-in.o
 .text.mdio_get_current_dev
                0x0000000087813024       0x10 common/built-in.o
                0x0000000087813024                mdio_get_current_dev
 .text.mdio_phydev_for_ethname
                0x0000000087813034       0x88 common/built-in.o
                0x0000000087813034                mdio_phydev_for_ethname
 .text.miiphy_get_current_dev
                0x00000000878130bc       0x18 common/built-in.o
                0x00000000878130bc                miiphy_get_current_dev
 .text.miiphy_read
                0x00000000878130d4       0x4c common/built-in.o
                0x00000000878130d4                miiphy_read
 .text.miiphy_write
                0x0000000087813120       0x40 common/built-in.o
                0x0000000087813120                miiphy_write
 .text.miiphy_listdev
                0x0000000087813160       0x74 common/built-in.o
                0x0000000087813160                miiphy_listdev
 .text.miiphy_info
                0x00000000878131d4       0x88 common/built-in.o
                0x00000000878131d4                miiphy_info
 .text.miiphy_speed
                0x000000008781325c       0x94 common/built-in.o
                0x000000008781325c                miiphy_speed
 .text.miiphy_duplex
                0x00000000878132f0       0x94 common/built-in.o
                0x00000000878132f0                miiphy_duplex
 .text.miiphy_is_1000base_x
                0x0000000087813384        0x8 common/built-in.o
                0x0000000087813384                miiphy_is_1000base_x
 .text.usb_set_maxpacket_ep
                0x000000008781338c       0x70 common/built-in.o
 .text.usb_stop
                0x00000000878133fc       0x80 common/built-in.o
                0x00000000878133fc                usb_stop
 .text.usb_disable_asynch
                0x000000008781347c       0x20 common/built-in.o
                0x000000008781347c                usb_disable_asynch
 .text.usb_control_msg
                0x000000008781349c       0xc4 common/built-in.o
                0x000000008781349c                usb_control_msg
 .text.usb_get_descriptor
                0x0000000087813560       0x58 common/built-in.o
 .text.get_descriptor_len
                0x00000000878135b8       0x90 common/built-in.o
 .text.usb_get_string
                0x0000000087813648       0x70 common/built-in.o
 .text.usb_string_sub
                0x00000000878136b8      0x108 common/built-in.o
 .text.usb_bulk_msg
                0x00000000878137c0       0x78 common/built-in.o
                0x00000000878137c0                usb_bulk_msg
 .text.usb_maxpacket
                0x0000000087813838       0x1c common/built-in.o
                0x0000000087813838                usb_maxpacket
 .text.usb_clear_halt
                0x0000000087813854       0x90 common/built-in.o
                0x0000000087813854                usb_clear_halt
 .text.usb_get_configuration_len
                0x00000000878138e4       0x74 common/built-in.o
                0x00000000878138e4                usb_get_configuration_len
 .text.usb_get_configuration_no
                0x0000000087813958       0x34 common/built-in.o
                0x0000000087813958                usb_get_configuration_no
 .text.usb_set_interface
                0x000000008781398c       0xb4 common/built-in.o
                0x000000008781398c                usb_set_interface
 .text.usb_string
                0x0000000087813a40      0x104 common/built-in.o
                0x0000000087813a40                usb_string
 .text.usb_get_dev_index
                0x0000000087813b44       0x24 common/built-in.o
                0x0000000087813b44                usb_get_dev_index
 .text.usb_alloc_new_device
                0x0000000087813b68       0x9c common/built-in.o
                0x0000000087813b68                usb_alloc_new_device
 .text.usb_free_device
                0x0000000087813c04       0x48 common/built-in.o
                0x0000000087813c04                usb_free_device
 .text.usb_alloc_device
                0x0000000087813c4c        0x8 common/built-in.o
                0x0000000087813c4c                usb_alloc_device
 .text.usb_select_config
                0x0000000087813c54      0x458 common/built-in.o
                0x0000000087813c54                usb_select_config
 .text.usb_setup_device
                0x00000000878140ac      0x19c common/built-in.o
                0x00000000878140ac                usb_setup_device
 .text.usb_new_device
                0x0000000087814248       0x34 common/built-in.o
                0x0000000087814248                usb_new_device
 .text.usb_init
                0x000000008781427c      0x168 common/built-in.o
                0x000000008781427c                usb_init
 .text.usb_device_has_child_on_port
                0x00000000878143e4       0x14 common/built-in.o
                0x00000000878143e4                usb_device_has_child_on_port
 .text.usb_find_usb2_hub_address_port
                0x00000000878143f8       0x5c common/built-in.o
                0x00000000878143f8                usb_find_usb2_hub_address_port
 .text.usb_set_port_feature
                0x0000000087814454       0x4c common/built-in.o
 .text.usb_clear_port_feature
                0x00000000878144a0       0x4c common/built-in.o
 .text.usb_get_hub_descriptor
                0x00000000878144ec       0x4c common/built-in.o
 .text.usb_hub_power_on
                0x0000000087814538       0x6c common/built-in.o
 .text.usb_hub_reset_devices
                0x00000000878145a4        0x4 common/built-in.o
                0x00000000878145a4                usb_hub_reset_devices
 .text.usb_get_port_status
                0x00000000878145a8       0x4c common/built-in.o
                0x00000000878145a8                usb_get_port_status
 .text.usb_hub_reset
                0x00000000878145f4       0x14 common/built-in.o
                0x00000000878145f4                usb_hub_reset
 .text.legacy_hub_port_reset
                0x0000000087814608       0xa0 common/built-in.o
                0x0000000087814608                legacy_hub_port_reset
 .text.usb_hub_port_connect_change
                0x00000000878146a8      0x16c common/built-in.o
                0x00000000878146a8                usb_hub_port_connect_change
 .text.usb_hub_configure
                0x0000000087814814      0x2d4 common/built-in.o
 .text.usb_hub_probe
                0x0000000087814ae8       0x58 common/built-in.o
                0x0000000087814ae8                usb_hub_probe
 .text.usb_stor_irq
                0x0000000087814b40       0x1c common/built-in.o
 .text.usb_stor_BBB_reset
                0x0000000087814b5c       0xd0 common/built-in.o
 .text.usb_stor_CB_reset
                0x0000000087814c2c       0xd0 common/built-in.o
 .text.usb_stor_BBB_clear_endpt_stall.isra.0
                0x0000000087814cfc       0x40 common/built-in.o
 .text.usb_stor_BBB_transport
                0x0000000087814d3c      0x268 common/built-in.o
 .text.usb_stor_CB_comdat
                0x0000000087814fa4      0x204 common/built-in.o
 .text.usb_stor_CBI_get_status.isra.2
                0x00000000878151a8       0xc8 common/built-in.o
 .text.usb_stor_CB_transport
                0x0000000087815270      0x228 common/built-in.o
 .text.usb_request_sense.constprop.8
                0x0000000087815498       0x70 common/built-in.o
 .text.usb_stor_read
                0x0000000087815508      0x18c common/built-in.o
 .text.usb_stor_write
                0x0000000087815694      0x18c common/built-in.o
 .text.usb_stor_get_dev
                0x0000000087815820       0x28 common/built-in.o
                0x0000000087815820                usb_stor_get_dev
 .text.usb_stor_info
                0x0000000087815848       0x74 common/built-in.o
                0x0000000087815848                usb_stor_info
 .text.usb_storage_probe
                0x00000000878158bc      0x204 common/built-in.o
                0x00000000878158bc                usb_storage_probe
 .text.usb_stor_get_info
                0x0000000087815ac0      0x318 common/built-in.o
                0x0000000087815ac0                usb_stor_get_info
 .text.usb_stor_scan
                0x0000000087815dd8      0x1f0 common/built-in.o
                0x0000000087815dd8                usb_stor_scan
 .text.env_get_char_spec
                0x0000000087815fc8        0xc common/built-in.o
                0x0000000087815fc8                env_get_char_spec
 .text.env_get_addr
                0x0000000087815fd4       0x20 common/built-in.o
                0x0000000087815fd4                env_get_addr
 .text.env_get_char_memory
                0x0000000087815ff4       0x10 common/built-in.o
                0x0000000087815ff4                env_get_char_memory
 .text.env_get_char
                0x0000000087816004       0x30 common/built-in.o
                0x0000000087816004                env_get_char
 .text.getenv_yesno
                0x0000000087816034       0x40 common/built-in.o
                0x0000000087816034                getenv_yesno
 .text.getenv_default
                0x0000000087816074       0x30 common/built-in.o
                0x0000000087816074                getenv_default
 .text.set_default_env
                0x00000000878160a4       0xc0 common/built-in.o
                0x00000000878160a4                set_default_env
 .text.set_default_vars
                0x0000000087816164       0x38 common/built-in.o
                0x0000000087816164                set_default_vars
 .text.env_import
                0x000000008781619c       0xdc common/built-in.o
                0x000000008781619c                env_import
 .text.env_export
                0x0000000087816278       0xa0 common/built-in.o
                0x0000000087816278                env_export
 .text.env_relocate
                0x0000000087816318       0x2c common/built-in.o
                0x0000000087816318                env_relocate
 .text.env_complete
                0x0000000087816344       0xdc common/built-in.o
                0x0000000087816344                env_complete
 .text.console_setfile
                0x0000000087816420       0xc0 common/built-in.o
 .text.puts     0x00000000878164e0       0x34 common/built-in.o
                0x00000000878164e0                puts
 .text.putc     0x0000000087816514       0x34 common/built-in.o
                0x0000000087816514                putc
 .text.fgetc    0x0000000087816548       0x24 common/built-in.o
                0x0000000087816548                fgetc
 .text.getc     0x000000008781656c       0x24 common/built-in.o
                0x000000008781656c                getc
 .text.ftstc    0x0000000087816590       0x24 common/built-in.o
                0x0000000087816590                ftstc
 .text.tstc     0x00000000878165b4       0x24 common/built-in.o
                0x00000000878165b4                tstc
 .text.ctrlc    0x00000000878165d8       0x58 common/built-in.o
                0x00000000878165d8                ctrlc
 .text.confirm_yesno
                0x0000000087816630       0xd4 common/built-in.o
                0x0000000087816630                confirm_yesno
 .text.had_ctrlc
                0x0000000087816704       0x10 common/built-in.o
                0x0000000087816704                had_ctrlc
 .text.clear_ctrlc
                0x0000000087816714       0x14 common/built-in.o
                0x0000000087816714                clear_ctrlc
 .text.search_device
                0x0000000087816728       0x28 common/built-in.o
                0x0000000087816728                search_device
 .text.console_assign
                0x0000000087816750       0x48 common/built-in.o
                0x0000000087816750                console_assign
 .text.on_console
                0x0000000087816798       0xc0 common/built-in.o
 .text.console_init_f
                0x0000000087816858       0x10 common/built-in.o
                0x0000000087816858                console_init_f
 .text.stdio_print_current_devices
                0x0000000087816868       0xb0 common/built-in.o
                0x0000000087816868                stdio_print_current_devices
 .text.console_init_r
                0x0000000087816918       0xe0 common/built-in.o
                0x0000000087816918                console_init_r
 .text.sbrk     0x00000000878169f8       0x6c common/built-in.o
                0x00000000878169f8                sbrk
 .text.mem_malloc_init
                0x0000000087816a64       0x34 common/built-in.o
                0x0000000087816a64                mem_malloc_init
 .text.malloc_trim
                0x0000000087816a98       0xcc common/built-in.o
                0x0000000087816a98                malloc_trim
 .text.free     0x0000000087816b64      0x248 common/built-in.o
                0x0000000087816b64                free
 .text.malloc   0x0000000087816dac      0x61c common/built-in.o
                0x0000000087816dac                malloc
 .text.calloc   0x00000000878173c8      0x148 common/built-in.o
                0x00000000878173c8                calloc
 .text.realloc  0x0000000087817510      0x428 common/built-in.o
                0x0000000087817510                realloc
 .text.memalign
                0x0000000087817938      0x140 common/built-in.o
                0x0000000087817938                memalign
 .text.initf_malloc
                0x0000000087817a78       0x18 common/built-in.o
                0x0000000087817a78                initf_malloc
 .text.malloc_simple
                0x0000000087817a90       0x30 common/built-in.o
                0x0000000087817a90                malloc_simple
 .text.on_loadaddr
                0x0000000087817ac0       0x38 common/built-in.o
 .text.image_check_hcrc
                0x0000000087817af8       0x4c common/built-in.o
                0x0000000087817af8                image_check_hcrc
 .text.image_check_dcrc
                0x0000000087817b44       0x38 common/built-in.o
                0x0000000087817b44                image_check_dcrc
 .text.image_multi_count
                0x0000000087817b7c       0x1c common/built-in.o
                0x0000000087817b7c                image_multi_count
 .text.image_multi_getimg
                0x0000000087817b98       0x80 common/built-in.o
                0x0000000087817b98                image_multi_getimg
 .text.getenv_bootm_low
                0x0000000087817c18       0x30 common/built-in.o
                0x0000000087817c18                getenv_bootm_low
 .text.getenv_bootm_size
                0x0000000087817c48       0x68 common/built-in.o
                0x0000000087817c48                getenv_bootm_size
 .text.getenv_bootm_mapsize
                0x0000000087817cb0       0x30 common/built-in.o
                0x0000000087817cb0                getenv_bootm_mapsize
 .text.memmove_wd
                0x0000000087817ce0        0xc common/built-in.o
                0x0000000087817ce0                memmove_wd
 .text.genimg_print_size
                0x0000000087817cec       0x30 common/built-in.o
                0x0000000087817cec                genimg_print_size
 .text.get_table_entry
                0x0000000087817d1c       0x24 common/built-in.o
                0x0000000087817d1c                get_table_entry
 .text.get_table_entry_name
                0x0000000087817d40       0x20 common/built-in.o
                0x0000000087817d40                get_table_entry_name
 .text.genimg_get_os_name
                0x0000000087817d60       0x18 common/built-in.o
                0x0000000087817d60                genimg_get_os_name
 .text.genimg_get_arch_name
                0x0000000087817d78       0x18 common/built-in.o
                0x0000000087817d78                genimg_get_arch_name
 .text.genimg_get_type_name
                0x0000000087817d90       0x18 common/built-in.o
                0x0000000087817d90                genimg_get_type_name
 .text.genimg_get_comp_name
                0x0000000087817da8       0x18 common/built-in.o
                0x0000000087817da8                genimg_get_comp_name
 .text.image_print_contents
                0x0000000087817dc0      0x174 common/built-in.o
                0x0000000087817dc0                image_print_contents
 .text.genimg_get_kernel_addr_fit
                0x0000000087817f34       0x24 common/built-in.o
                0x0000000087817f34                genimg_get_kernel_addr_fit
 .text.genimg_get_format
                0x0000000087817f58       0x34 common/built-in.o
                0x0000000087817f58                genimg_get_format
 .text.genimg_get_image
                0x0000000087817f8c        0x4 common/built-in.o
                0x0000000087817f8c                genimg_get_image
 .text.genimg_has_config
                0x0000000087817f90        0x8 common/built-in.o
                0x0000000087817f90                genimg_has_config
 .text.boot_get_ramdisk
                0x0000000087817f98      0x274 common/built-in.o
                0x0000000087817f98                boot_get_ramdisk
 .text.boot_ramdisk_high
                0x000000008781820c      0x138 common/built-in.o
                0x000000008781820c                boot_ramdisk_high
 .text.boot_get_setup
                0x0000000087818344        0x8 common/built-in.o
                0x0000000087818344                boot_get_setup
 .text.image_setup_linux
                0x000000008781834c       0x8c common/built-in.o
                0x000000008781834c                image_setup_linux
 .text.fdt_error
                0x00000000878183d8       0x2c common/built-in.o
 .text.boot_fdt_add_mem_rsv_regions
                0x0000000087818404       0x88 common/built-in.o
                0x0000000087818404                boot_fdt_add_mem_rsv_regions
 .text.boot_relocate_fdt
                0x000000008781848c      0x198 common/built-in.o
                0x000000008781848c                boot_relocate_fdt
 .text.boot_get_fdt
                0x0000000087818624      0x2b8 common/built-in.o
                0x0000000087818624                boot_get_fdt
 .text.ft_verify_fdt
                0x00000000878188dc        0x8 common/built-in.o
                0x00000000878188dc                ft_verify_fdt
 .text.image_setup_libfdt
                0x00000000878188e4      0x100 common/built-in.o
                0x00000000878188e4                image_setup_libfdt
 .text.get_effective_memsize
                0x00000000878189e4        0x8 common/built-in.o
                0x00000000878189e4                get_effective_memsize
 .text.stdio_serial_tstc
                0x00000000878189ec        0x4 common/built-in.o
 .text.stdio_serial_getc
                0x00000000878189f0        0x4 common/built-in.o
 .text.stdio_serial_puts
                0x00000000878189f4        0x8 common/built-in.o
 .text.stdio_serial_putc
                0x00000000878189fc        0x8 common/built-in.o
 .text.stdio_get_list
                0x0000000087818a04        0xc common/built-in.o
                0x0000000087818a04                stdio_get_list
 .text.stdio_get_by_name
                0x0000000087818a10       0x5c common/built-in.o
                0x0000000087818a10                stdio_get_by_name
 .text.stdio_clone
                0x0000000087818a6c       0x38 common/built-in.o
                0x0000000087818a6c                stdio_clone
 .text.stdio_register_dev
                0x0000000087818aa4       0x50 common/built-in.o
                0x0000000087818aa4                stdio_register_dev
 .text.stdio_register
                0x0000000087818af4        0x8 common/built-in.o
                0x0000000087818af4                stdio_register
 .text.stdio_init_tables
                0x0000000087818afc       0x1c common/built-in.o
                0x0000000087818afc                stdio_init_tables
 .text.stdio_add_devices
                0x0000000087818b18       0x7c common/built-in.o
                0x0000000087818b18                stdio_add_devices
 .text.run_command
                0x0000000087818b94       0x10 common/built-in.o
                0x0000000087818b94                run_command
 .text.run_command_list
                0x0000000087818ba4       0x7c common/built-in.o
                0x0000000087818ba4                run_command_list
 .text.do_run   0x0000000087818c20       0x78 common/built-in.o
                0x0000000087818c20                do_run
 .text.cli_loop
                0x0000000087818c98        0xc common/built-in.o
                0x0000000087818c98                cli_loop
 .text.cli_init
                0x0000000087818ca4        0x4 common/built-in.o
                0x0000000087818ca4                cli_init
 .text.delete_char.part.0
                0x0000000087818ca8       0xd0 common/built-in.o
 .text.cread_add_char
                0x0000000087818d78       0xe8 common/built-in.o
 .text.cli_readline_into_buffer
                0x0000000087818e60      0x9c0 common/built-in.o
                0x0000000087818e60                cli_readline_into_buffer
 .text.cli_readline
                0x0000000087819820       0x14 common/built-in.o
                0x0000000087819820                cli_readline
 .text.find_cmd_tbl
                0x0000000087819834       0xa4 common/built-in.o
                0x0000000087819834                find_cmd_tbl
 .text.find_cmd
                0x00000000878198d8       0x28 common/built-in.o
                0x00000000878198d8                find_cmd
 .text.cmd_usage
                0x0000000087819900       0x5c common/built-in.o
                0x0000000087819900                cmd_usage
 .text._do_help
                0x000000008781995c      0x180 common/built-in.o
                0x000000008781995c                _do_help
 .text.var_complete
                0x0000000087819adc       0x84 common/built-in.o
                0x0000000087819adc                var_complete
 .text.cmd_auto_complete
                0x0000000087819b60      0x4b4 common/built-in.o
                0x0000000087819b60                cmd_auto_complete
 .text.cmd_get_data_size
                0x000000008781a014       0x5c common/built-in.o
                0x000000008781a014                cmd_get_data_size
 .text.cmd_process
                0x000000008781a070       0xf4 common/built-in.o
                0x000000008781a070                cmd_process
 .text.cmd_process_error
                0x000000008781a164       0x30 common/built-in.o
                0x000000008781a164                cmd_process_error
 .text.hex1_bin
                0x000000008781a194       0x40 common/built-in.o
 .text.hex2_bin
                0x000000008781a1d4       0x38 common/built-in.o
 .text.srec_decode
                0x000000008781a20c      0x254 common/built-in.o
                0x000000008781a20c                srec_decode
 .text.CYGACC_COMM_IF_GETC_TIMEOUT.isra.0
                0x000000008781a460       0x5c common/built-in.o
 .text.xyzModem_flush
                0x000000008781a4bc       0x1c common/built-in.o
 .text.xyzModem_get_hdr
                0x000000008781a4d8      0x22c common/built-in.o
 .text.xyzModem_stream_open
                0x000000008781a704      0x23c common/built-in.o
                0x000000008781a704                xyzModem_stream_open
 .text.xyzModem_stream_read
                0x000000008781a940      0x258 common/built-in.o
                0x000000008781a940                xyzModem_stream_read
 .text.xyzModem_stream_close
                0x000000008781ab98       0x54 common/built-in.o
                0x000000008781ab98                xyzModem_stream_close
 .text.xyzModem_stream_terminate
                0x000000008781abec       0x94 common/built-in.o
                0x000000008781abec                xyzModem_stream_terminate
 .text.xyzModem_error
                0x000000008781ac80       0x20 common/built-in.o
                0x000000008781ac80                xyzModem_error
 .text.get_dev_hwpart
                0x000000008781aca0       0xb0 disk/built-in.o
 .text.dev_print
                0x000000008781ad50      0x214 disk/built-in.o
                0x000000008781ad50                dev_print
 .text.init_part
                0x000000008781af64       0x20 disk/built-in.o
                0x000000008781af64                init_part
 .text.print_part
                0x000000008781af84       0xf4 disk/built-in.o
                0x000000008781af84                print_part
 .text.get_partition_info
                0x000000008781b078       0x2c disk/built-in.o
                0x000000008781b078                get_partition_info
 .text.get_device
                0x000000008781b0a4      0x128 disk/built-in.o
                0x000000008781b0a4                get_device
 .text.get_device_and_partition
                0x000000008781b1cc      0x404 disk/built-in.o
                0x000000008781b1cc                get_device_and_partition
 .text.test_block_type
                0x000000008781b5d0       0x84 disk/built-in.o
 .text.print_partition_extended
                0x000000008781b654      0x274 disk/built-in.o
 .text.get_partition_info_extended.constprop.2
                0x000000008781b8c8      0x2f4 disk/built-in.o
 .text.test_part_dos
                0x000000008781bbbc       0x60 disk/built-in.o
                0x000000008781bbbc                test_part_dos
 .text.print_part_dos
                0x000000008781bc1c       0x34 disk/built-in.o
                0x000000008781bc1c                print_part_dos
 .text.get_partition_info_dos
                0x000000008781bc50       0x20 disk/built-in.o
                0x000000008781bc50                get_partition_info_dos
 .text.alloc_priv
                0x000000008781bc70       0x48 drivers/built-in.o
 .text.device_bind
                0x000000008781bcb8      0x304 drivers/built-in.o
                0x000000008781bcb8                device_bind
 .text.device_bind_by_name
                0x000000008781bfbc       0x60 drivers/built-in.o
                0x000000008781bfbc                device_bind_by_name
 .text.device_probe
                0x000000008781c01c      0x234 drivers/built-in.o
                0x000000008781c01c                device_probe
 .text.dev_get_platdata
                0x000000008781c250       0x34 drivers/built-in.o
                0x000000008781c250                dev_get_platdata
 .text.dev_get_priv
                0x000000008781c284       0x34 drivers/built-in.o
                0x000000008781c284                dev_get_priv
 .text.lists_driver_lookup_name
                0x000000008781c2b8       0x4c drivers/built-in.o
                0x000000008781c2b8                lists_driver_lookup_name
 .text.lists_uclass_lookup
                0x000000008781c304       0x3c drivers/built-in.o
                0x000000008781c304                lists_uclass_lookup
 .text.lists_bind_drivers
                0x000000008781c340       0x88 drivers/built-in.o
                0x000000008781c340                lists_bind_drivers
 .text.dm_root  0x000000008781c3c8       0x28 drivers/built-in.o
                0x000000008781c3c8                dm_root
 .text.dm_init  0x000000008781c3f0       0x58 drivers/built-in.o
                0x000000008781c3f0                dm_init
 .text.dm_scan_platdata
                0x000000008781c448       0x2c drivers/built-in.o
                0x000000008781c448                dm_scan_platdata
 .text.dm_scan_other
                0x000000008781c474        0x8 drivers/built-in.o
                0x000000008781c474                dm_scan_other
 .text.dm_init_and_scan
                0x000000008781c47c       0x30 drivers/built-in.o
                0x000000008781c47c                dm_init_and_scan
 .text.uclass_find
                0x000000008781c4ac       0x4c drivers/built-in.o
                0x000000008781c4ac                uclass_find
 .text.uclass_get
                0x000000008781c4f8      0x124 drivers/built-in.o
                0x000000008781c4f8                uclass_get
 .text.uclass_find_device
                0x000000008781c61c       0x74 drivers/built-in.o
                0x000000008781c61c                uclass_find_device
 .text.uclass_find_device_by_seq
                0x000000008781c690       0x7c drivers/built-in.o
                0x000000008781c690                uclass_find_device_by_seq
 .text.uclass_get_device_tail
                0x000000008781c70c       0x2c drivers/built-in.o
                0x000000008781c70c                uclass_get_device_tail
 .text.uclass_get_device
                0x000000008781c738       0x30 drivers/built-in.o
                0x000000008781c738                uclass_get_device
 .text.uclass_bind_device
                0x000000008781c768       0x7c drivers/built-in.o
                0x000000008781c768                uclass_bind_device
 .text.uclass_unbind_device
                0x000000008781c7e4       0x50 drivers/built-in.o
                0x000000008781c7e4                uclass_unbind_device
 .text.uclass_resolve_seq
                0x000000008781c834       0xb0 drivers/built-in.o
                0x000000008781c834                uclass_resolve_seq
 .text.uclass_pre_probe_device
                0x000000008781c8e4       0x64 drivers/built-in.o
                0x000000008781c8e4                uclass_pre_probe_device
 .text.uclass_post_probe_device
                0x000000008781c948       0x20 drivers/built-in.o
                0x000000008781c948                uclass_post_probe_device
 .text.uclass_pre_remove_device
                0x000000008781c968       0x20 drivers/built-in.o
                0x000000008781c968                uclass_pre_remove_device
 .text.dm_warn  0x000000008781c988       0x28 drivers/built-in.o
                0x000000008781c988                dm_warn
 .text.device_free
                0x000000008781c9b0       0x90 drivers/built-in.o
                0x000000008781c9b0                device_free
 .text.device_remove
                0x000000008781ca40      0x138 drivers/built-in.o
                0x000000008781ca40                device_remove
 .text.show_devices
                0x000000008781cb78       0xfc drivers/built-in.o
 .text.dm_dump_all
                0x000000008781cc74       0x3c drivers/built-in.o
                0x000000008781cc74                dm_dump_all
 .text.dm_dump_uclass
                0x000000008781ccb0       0xdc drivers/built-in.o
                0x000000008781ccb0                dm_dump_uclass
 .text.finish_access
                0x000000008781cd8c       0x2c drivers/built-in.o
 .text.prepare_access
                0x000000008781cdb8       0xd0 drivers/built-in.o
 .text.setup_direct_access
                0x000000008781ce88      0x120 drivers/built-in.o
 .text.fuse_bank_physical
                0x000000008781cfa8       0xd4 drivers/built-in.o
                0x000000008781cfa8                fuse_bank_physical
 .text.fuse_word_physical
                0x000000008781d07c       0x40 drivers/built-in.o
                0x000000008781d07c                fuse_word_physical
 .text.fuse_read
                0x000000008781d0bc       0x80 drivers/built-in.o
                0x000000008781d0bc                fuse_read
 .text.fuse_sense
                0x000000008781d13c       0x94 drivers/built-in.o
                0x000000008781d13c                fuse_sense
 .text.fuse_prog
                0x000000008781d1d0       0x88 drivers/built-in.o
                0x000000008781d1d0                fuse_prog
 .text.fuse_override
                0x000000008781d258       0x78 drivers/built-in.o
                0x000000008781d258                fuse_override
 .text.reset_cpu
                0x000000008781d2d0       0x48 drivers/built-in.o
                0x000000008781d2d0                reset_cpu
 .text.thermal_get_temp
                0x000000008781d318       0x20 drivers/built-in.o
                0x000000008781d318                thermal_get_temp
 .text.read_cpu_temperature
                0x000000008781d338      0x144 drivers/built-in.o
 .text.imx_thermal_get_temp
                0x000000008781d47c       0x64 drivers/built-in.o
                0x000000008781d47c                imx_thermal_get_temp
 .text.imx_thermal_probe
                0x000000008781d4e0       0xc8 drivers/built-in.o
 .text.gpio_set_value
                0x000000008781d5a8       0x44 drivers/gpio/built-in.o
                0x000000008781d5a8                gpio_set_value
 .text.gpio_get_value
                0x000000008781d5ec       0x34 drivers/gpio/built-in.o
                0x000000008781d5ec                gpio_get_value
 .text.gpio_request
                0x000000008781d620       0x10 drivers/gpio/built-in.o
                0x000000008781d620                gpio_request
 .text.gpio_free
                0x000000008781d630        0x8 drivers/gpio/built-in.o
                0x000000008781d630                gpio_free
 .text.gpio_direction_input
                0x000000008781d638       0x3c drivers/gpio/built-in.o
                0x000000008781d638                gpio_direction_input
 .text.gpio_direction_output
                0x000000008781d674       0x50 drivers/gpio/built-in.o
                0x000000008781d674                gpio_direction_output
 .text.i2c_get_adapter
                0x000000008781d6c4       0x64 drivers/i2c/built-in.o
                0x000000008781d6c4                i2c_get_adapter
 .text.i2c_init_bus
                0x000000008781d728       0x90 drivers/i2c/built-in.o
 .text.i2c_get_bus_num
                0x000000008781d7b8        0x8 drivers/i2c/built-in.o
                0x000000008781d7b8                i2c_get_bus_num
 .text.i2c_set_bus_num
                0x000000008781d7c0       0xb8 drivers/i2c/built-in.o
                0x000000008781d7c0                i2c_set_bus_num
 .text.i2c_init_all
                0x000000008781d878       0x14 drivers/i2c/built-in.o
                0x000000008781d878                i2c_init_all
 .text.i2c_probe
                0x000000008781d88c       0x2c drivers/i2c/built-in.o
                0x000000008781d88c                i2c_probe
 .text.i2c_read
                0x000000008781d8b8       0x4c drivers/i2c/built-in.o
                0x000000008781d8b8                i2c_read
 .text.i2c_write
                0x000000008781d904       0x4c drivers/i2c/built-in.o
                0x000000008781d904                i2c_write
 .text.i2c_set_bus_speed
                0x000000008781d950       0x64 drivers/i2c/built-in.o
                0x000000008781d950                i2c_set_bus_speed
 .text.i2c_get_bus_speed
                0x000000008781d9b4       0x14 drivers/i2c/built-in.o
                0x000000008781d9b4                i2c_get_bus_speed
 .text.i2c_init
                0x000000008781d9c8       0x14 drivers/i2c/built-in.o
                0x000000008781d9c8                i2c_init
 .text.wait_for_sr_state
                0x000000008781d9dc      0x100 drivers/i2c/built-in.o
 .text.tx_byte  0x000000008781dadc       0x50 drivers/i2c/built-in.o
 .text.bus_i2c_set_bus_speed
                0x000000008781db2c       0xb4 drivers/i2c/built-in.o
 .text.mxc_i2c_set_bus_speed
                0x000000008781dbe0       0x18 drivers/i2c/built-in.o
 .text.i2c_imx_stop
                0x000000008781dbf8       0x50 drivers/i2c/built-in.o
 .text.__i2c_force_reset_slave
                0x000000008781dc48        0x4 drivers/i2c/built-in.o
                0x000000008781dc48                __i2c_force_reset_slave
                0x000000008781dc48                i2c_force_reset_slave
 .text.i2c_idle_bus
                0x000000008781dc4c       0x24 drivers/i2c/built-in.o
                0x000000008781dc4c                i2c_idle_bus
 .text.i2c_init_transfer
                0x000000008781dc70      0x208 drivers/i2c/built-in.o
 .text.mxc_i2c_read
                0x000000008781de78      0x184 drivers/i2c/built-in.o
 .text.mxc_i2c_write
                0x000000008781dffc       0x68 drivers/i2c/built-in.o
 .text.mxc_i2c_probe
                0x000000008781e064       0x40 drivers/i2c/built-in.o
 .text.bus_i2c_init
                0x000000008781e0a4       0x70 drivers/i2c/built-in.o
                0x000000008781e0a4                bus_i2c_init
 .text.mxc_i2c_init
                0x000000008781e114       0x1c drivers/i2c/built-in.o
 .text.esdhc_getcd
                0x000000008781e130       0x40 drivers/mmc/built-in.o
 .text.esdhc_set_ios
                0x000000008781e170      0x124 drivers/mmc/built-in.o
 .text.esdhc_init
                0x000000008781e294       0xb8 drivers/mmc/built-in.o
 .text.check_and_invalidate_dcache_range.isra.1
                0x000000008781e34c       0x30 drivers/mmc/built-in.o
 .text.esdhc_send_cmd
                0x000000008781e37c      0x3ec drivers/mmc/built-in.o
 .text.fsl_esdhc_initialize
                0x000000008781e768      0x17c drivers/mmc/built-in.o
                0x000000008781e768                fsl_esdhc_initialize
 .text.fsl_esdhc_mmc_init
                0x000000008781e8e4       0x38 drivers/mmc/built-in.o
                0x000000008781e8e4                fsl_esdhc_mmc_init
 .text.mmc_set_ios
                0x000000008781e91c       0x18 drivers/mmc/built-in.o
 .text.mmc_set_capacity
                0x000000008781e934       0xa8 drivers/mmc/built-in.o
 .text.board_mmc_getwp
                0x000000008781e9dc        0x8 drivers/mmc/built-in.o
                0x000000008781e9dc                board_mmc_getwp
 .text.mmc_getwp
                0x000000008781e9e4       0x3c drivers/mmc/built-in.o
                0x000000008781e9e4                mmc_getwp
 .text.mmc_send_cmd
                0x000000008781ea20       0x10 drivers/mmc/built-in.o
                0x000000008781ea20                mmc_send_cmd
 .text.mmc_send_ext_csd
                0x000000008781ea30       0x4c drivers/mmc/built-in.o
 .text.mmc_go_idle
                0x000000008781ea7c       0x4c drivers/mmc/built-in.o
 .text.mmc_send_op_cond_iter
                0x000000008781eac8       0x78 drivers/mmc/built-in.o
 .text.mmc_send_status
                0x000000008781eb40       0xe0 drivers/mmc/built-in.o
                0x000000008781eb40                mmc_send_status
 .text.mmc_switch.isra.1
                0x000000008781ec20       0x54 drivers/mmc/built-in.o
 .text.mmc_set_blocklen
                0x000000008781ec74       0x40 drivers/mmc/built-in.o
                0x000000008781ec74                mmc_set_blocklen
 .text.find_mmc_device
                0x000000008781ecb4       0x4c drivers/mmc/built-in.o
                0x000000008781ecb4                find_mmc_device
 .text.mmc_switch_part
                0x000000008781ed00       0x60 drivers/mmc/built-in.o
                0x000000008781ed00                mmc_switch_part
 .text.mmc_select_hwpart
                0x000000008781ed60       0x64 drivers/mmc/built-in.o
                0x000000008781ed60                mmc_select_hwpart
 .text.mmc_bread
                0x000000008781edc4      0x168 drivers/mmc/built-in.o
 .text.mmc_hwpart_config
                0x000000008781ef2c      0x41c drivers/mmc/built-in.o
                0x000000008781ef2c                mmc_hwpart_config
 .text.mmc_getcd
                0x000000008781f348       0x3c drivers/mmc/built-in.o
                0x000000008781f348                mmc_getcd
 .text.mmc_set_clock
                0x000000008781f384       0x24 drivers/mmc/built-in.o
                0x000000008781f384                mmc_set_clock
 .text.mmc_startup
                0x000000008781f3a8      0xdf4 drivers/mmc/built-in.o
 .text.mmc_create
                0x000000008782019c       0xfc drivers/mmc/built-in.o
                0x000000008782019c                mmc_create
 .text.board_mmc_power_init
                0x0000000087820298        0x4 drivers/mmc/built-in.o
                0x0000000087820298                board_mmc_power_init
 .text.mmc_start_init
                0x000000008782029c      0x254 drivers/mmc/built-in.o
                0x000000008782029c                mmc_start_init
 .text.mmc_init
                0x00000000878204f0       0xf4 drivers/mmc/built-in.o
                0x00000000878204f0                mmc_init
 .text.mmc_get_dev
                0x00000000878205e4       0x2c drivers/mmc/built-in.o
                0x00000000878205e4                mmc_get_dev
 .text.mmc_set_dsr
                0x0000000087820610        0xc drivers/mmc/built-in.o
                0x0000000087820610                mmc_set_dsr
 .text.print_mmc_devices
                0x000000008782061c       0xc0 drivers/mmc/built-in.o
                0x000000008782061c                print_mmc_devices
 .text.get_mmc_num
                0x00000000878206dc       0x10 drivers/mmc/built-in.o
                0x00000000878206dc                get_mmc_num
 .text.mmc_initialize
                0x00000000878206ec       0x94 drivers/mmc/built-in.o
                0x00000000878206ec                mmc_initialize
 .text.mmc_boot_partition_size_change
                0x0000000087820780       0xc4 drivers/mmc/built-in.o
                0x0000000087820780                mmc_boot_partition_size_change
 .text.mmc_set_boot_bus_width
                0x0000000087820844       0x14 drivers/mmc/built-in.o
                0x0000000087820844                mmc_set_boot_bus_width
 .text.mmc_set_part_conf
                0x0000000087820858       0x14 drivers/mmc/built-in.o
                0x0000000087820858                mmc_set_part_conf
 .text.mmc_set_rst_n_function
                0x000000008782086c        0xc drivers/mmc/built-in.o